Avinadav et al 2020.txt-when the developer has enough power, he may refuse to accept
Avinadav et al 2020.txt-
Avinadav et al 2020.txt:https://doi.org/10.1016/j.ejor.2020.08.036
Avinadav et al 2020.txt-0377-2217/© 2020 Elsevier B.V. All rights reserved.
Avinadav et al 2020.txt-
Avinadav et al 2020.txt-Please cite this article as: T. Avinadav, T. Chernonog and E. Khmelnitsky, Revenue-sharing between developers of virtual products and
Avinadav et al 2020.txt:platform distributors, European Journal of Operational Research, https://doi.org/10.1016/j.ejor.2020.08.036
Avinadav et al 2020.txt-
Avinadav et al 2020.txt-JID: EOR
--
Avinadav et al 2020.txt-
Avinadav et al 2020.txt-Please cite this article as: T. Avinadav, T. Chernonog and E. Khmelnitsky, Revenue-sharing between developers of virtual products and
Avinadav et al 2020.txt:platform distributors, European Journal of Operational Research, https://doi.org/10.1016/j.ejor.2020.08.036
Avinadav et al 2020.txt-
Avinadav et al 2020.txt-ARTICLE IN PRESS
--
Avinadav et al 2020.txt-
Avinadav et al 2020.txt-Please cite this article as: T. Avinadav, T. Chernonog and E. Khmelnitsky, Revenue-sharing between developers of virtual products and
Avinadav et al 2020.txt:platform distributors, European Journal of Operational Research, https://doi.org/10.1016/j.ejor.2020.08.036
Avinadav et al 2020.txt-
Avinadav et al 2020.txt-JID: EOR
--
Avinadav et al 2020.txt-
Avinadav et al 2020.txt-Please cite this article as: T. Avinadav, T. Chernonog and E. Khmelnitsky, Revenue-sharing between developers of virtual products and
Avinadav et al 2020.txt:platform distributors, European Journal of Operational Research, https://doi.org/10.1016/j.ejor.2020.08.036
Avinadav et al 2020.txt-
Avinadav et al 2020.txt-ARTICLE IN PRESS
--
Avinadav et al 2020.txt-
Avinadav et al 2020.txt-Please cite this article as: T. Avinadav, T. Chernonog and E. Khmelnitsky, Revenue-sharing between developers of virtual products and
Avinadav et al 2020.txt:platform distributors, European Journal of Operational Research, https://doi.org/10.1016/j.ejor.2020.08.036
Avinadav et al 2020.txt-
Avinadav et al 2020.txt-ARTICLE IN PRESS
--
Avinadav et al 2020.txt-
Avinadav et al 2020.txt-Please cite this article as: T. Avinadav, T. Chernonog and E. Khmelnitsky, Revenue-sharing between developers of virtual products and
Avinadav et al 2020.txt:platform distributors, European Journal of Operational Research, https://doi.org/10.1016/j.ejor.2020.08.036
Avinadav et al 2020.txt-
Avinadav et al 2020.txt-ARTICLE IN PRESS
--
Avinadav et al 2020.txt-
Avinadav et al 2020.txt-Please cite this article as: T. Avinadav, T. Chernonog and E. Khmelnitsky, Revenue-sharing between developers of virtual products and
Avinadav et al 2020.txt:platform distributors, European Journal of Operational Research, https://doi.org/10.1016/j.ejor.2020.08.036
Avinadav et al 2020.txt-
Avinadav et al 2020.txt-ARTICLE IN PRESS
--
Avinadav et al 2020.txt-
Avinadav et al 2020.txt-Please cite this article as: T. Avinadav, T. Chernonog and E. Khmelnitsky, Revenue-sharing between developers of virtual products and
Avinadav et al 2020.txt:platform distributors, European Journal of Operational Research, https://doi.org/10.1016/j.ejor.2020.08.036
Avinadav et al 2020.txt-
Avinadav et al 2020.txt-ARTICLE IN PRESS
--
Avinadav et al 2020.txt-
Avinadav et al 2020.txt-Please cite this article as: T. Avinadav, T. Chernonog and E. Khmelnitsky, Revenue-sharing between developers of virtual products and
Avinadav et al 2020.txt:platform distributors, European Journal of Operational Research, https://doi.org/10.1016/j.ejor.2020.08.036
Avinadav et al 2020.txt-
Avinadav et al 2020.txt-ARTICLE IN PRESS
--
Avinadav et al 2020.txt-
Avinadav et al 2020.txt-Please cite this article as: T. Avinadav, T. Chernonog and E. Khmelnitsky, Revenue-sharing between developers of virtual products and
Avinadav et al 2020.txt:platform distributors, European Journal of Operational Research, https://doi.org/10.1016/j.ejor.2020.08.036
Avinadav et al 2020.txt-
Avinadav et al 2020.txt-ARTICLE IN PRESS
--
Avinadav et al 2020.txt-
Avinadav et al 2020.txt-Please cite this article as: T. Avinadav, T. Chernonog and E. Khmelnitsky, Revenue-sharing between developers of virtual products and
Avinadav et al 2020.txt:platform distributors, European Journal of Operational Research, https://doi.org/10.1016/j.ejor.2020.08.036
Avinadav et al 2020.txt-
Avinadav et al 2020.txt-JID: EOR
--
Avinadav et al 2020.txt-
Avinadav et al 2020.txt-Please cite this article as: T. Avinadav, T. Chernonog and E. Khmelnitsky, Revenue-sharing between developers of virtual products and
Avinadav et al 2020.txt:platform distributors, European Journal of Operational Research, https://doi.org/10.1016/j.ejor.2020.08.036
Avinadav et al 2020.txt-
Avinadav et al 2020.txt-JID: EOR
--
Avinadav et al 2020.txt-
Avinadav et al 2020.txt-Please cite this article as: T. Avinadav, T. Chernonog and E. Khmelnitsky, Revenue-sharing between developers of virtual products and
Avinadav et al 2020.txt:platform distributors, European Journal of Operational Research, https://doi.org/10.1016/j.ejor.2020.08.036
Avinadav et al 2020.txt-
Avinadav et al 2020.txt-ARTICLE IN PRESS
--
Avinadav et al 2020.txt-
Avinadav et al 2020.txt-Please cite this article as: T. Avinadav, T. Chernonog and E. Khmelnitsky, Revenue-sharing between developers of virtual products and
Avinadav et al 2020.txt:platform distributors, European Journal of Operational Research, https://doi.org/10.1016/j.ejor.2020.08.036
Avinadav et al 2020.txt-
Avinadav et al 2020.txt-JID: EOR
--
Avinadav et al 2020.txt-
Avinadav et al 2020.txt-Please cite this article as: T. Avinadav, T. Chernonog and E. Khmelnitsky, Revenue-sharing between developers of virtual products and
Avinadav et al 2020.txt:platform distributors, European Journal of Operational Research, https://doi.org/10.1016/j.ejor.2020.08.036
Avinadav et al 2020.txt-
Avinadav et al 2020.txt-ARTICLE IN PRESS
--
Avinadav et al 2020.txt-
Avinadav et al 2020.txt-Please cite this article as: T. Avinadav, T. Chernonog and E. Khmelnitsky, Revenue-sharing between developers of virtual products and
Avinadav et al 2020.txt:platform distributors, European Journal of Operational Research, https://doi.org/10.1016/j.ejor.2020.08.036
Avinadav et al 2020.txt-
Avinadav et al 2020.txt-ARTICLE IN PRESS
--
Avinadav et al 2020.txt-
Avinadav et al 2020.txt-Please cite this article as: T. Avinadav, T. Chernonog and E. Khmelnitsky, Revenue-sharing between developers of virtual products and
Avinadav et al 2020.txt:platform distributors, European Journal of Operational Research, https://doi.org/10.1016/j.ejor.2020.08.036
Avinadav et al 2020.txt-
Avinadav et al 2020.txt-ARTICLE IN PRESS
--
Avinadav et al 2020.txt-
Avinadav et al 2020.txt-Please cite this article as: T. Avinadav, T. Chernonog and E. Khmelnitsky, Revenue-sharing between developers of virtual products and
Avinadav et al 2020.txt:platform distributors, European Journal of Operational Research, https://doi.org/10.1016/j.ejor.2020.08.036
Avinadav et al 2020.txt-
Avinadav et al 2020.txt-JID: EOR
--
Avinadav et al 2020.txt-
Avinadav et al 2020.txt-Please cite this article as: T. Avinadav, T. Chernonog and E. Khmelnitsky, Revenue-sharing between developers of virtual products and
Avinadav et al 2020.txt:platform distributors, European Journal of Operational Research, https://doi.org/10.1016/j.ejor.2020.08.036
Avinadav et al 2020.txt-
Avinadav et al 2020.txt-
--
Choi et al 2004.txt-E-mail address: dli@se.cuhk.edu.hk (D. Li).
Choi et al 2004.txt-0925-5273/03/$ - see front matter r 2003 Elsevier B.V. All rights reserved.
Choi et al 2004.txt:doi:10.1016/S0925-5273(03)00188-9
Choi et al 2004.txt-
Choi et al 2004.txt-ARTICLE IN PRESS
--
De Giovanni 2020.txt-
De Giovanni 2020.txt-E-mail address: pdegiovanni@luiss.it.
De Giovanni 2020.txt:https://doi.org/10.1016/j.ijpe.2020.107855
De Giovanni 2020.txt-Received 5 October 2019; Received in revised form 30 June 2020; Accepted 1 July 2020
De Giovanni 2020.txt-Available online 4 July 2020
--
de Matta et al 2017.txt-1
de Matta et al 2017.txt-
de Matta et al 2017.txt:http://dx.doi.org/10.1016/j.ijpe.2017.03.022
de Matta et al 2017.txt-Received 2 September 2016; Received in revised form 29 March 2017; Accepted 30 March 2017
de Matta et al 2017.txt-Available online 07 April 2017
--
Guo et al 2020.txt-implications, International Journal of Production Research, 58:5, 1485-1504, DOI:
Guo et al 2020.txt-10.1080/00207543.2019.1658911
Guo et al 2020.txt:To link to this article: https://doi.org/10.1080/00207543.2019.1658911
Guo et al 2020.txt-
Guo et al 2020.txt-Published online: 28 Aug 2019.
--
Guo et al 2020.txt-
Guo et al 2020.txt-International Journal of Production Research, 2020
Guo et al 2020.txt:Vol. 58, No. 5, 1485–1504, https://doi.org/10.1080/00207543.2019.1658911
Guo et al 2020.txt-
Guo et al 2020.txt-Green supply chain contracts with eco-labels issued by the sales platform: profitability and
--
Guo et al 2020.txt-Von Stackelberg, H. 2010. Market Structure and Equilibrium. Berlin, Germany: Springer Science & Business Media.
Guo et al 2020.txt-Wang, J., Y. Yan, H. Du, and R. Zhao. 2019. “The Optimal Sales Format for Green Products Considering Downstream Investment.”
Guo et al 2020.txt:International Journal of Production Research 1–20. doi:10.1080/00207543.2019.1612963.
Guo et al 2020.txt-Wu, Z., and M. Pagell. 2011. “Balancing Priorities: Decision-making in Sustainable Supply Chain Management.” Journal of Operations
Guo et al 2020.txt-Management 29 (6): 577–590.
--
Jiang et al 2017.txt-Chen, J., S. Esteban, M. Shum. 2013. When do secondary markets
Jiang et al 2017.txt-harm firms?. Am. Econ. Rev. 103(7): 2911–2934. ISSN 00028282.
Jiang et al 2017.txt:doi:10.1257/aer.103.7.2911.
Jiang et al 2017.txt-Chu, L. Y., H. Zhang. 2011. Optimal preorder strategy with endogenous information control. Management Sci. 57(6): 1055–1077.
Jiang et al 2017.txt-Coase, R. H. 1972. Durability and monopoly. J. Law Econ. 15, 143.
--
Jiang et al 2017.txt-Gopal, R. D., B. Pathak, A. K. Tripathi, F. Yin. 2006. From Fatwallet to eBay: An investigation of online deal-forums and sales
Jiang et al 2017.txt-promotions. J. Retailing 82(2): 155–164. ISSN 00224359.
Jiang et al 2017.txt:doi:10.1016/j.jretai.2006.02.002.
Jiang et al 2017.txt-
Jiang et al 2017.txt-523
--
Jiang et al 2017.txt-E-Business. Prod. Oper. Manag. 21(3): 489–503.
Jiang et al 2017.txt-Johnson, J. P. 2011. Secondary markets with changing preferences.
Jiang et al 2017.txt:RAND J. Econ. 42(3): 555–574. ISSN 07416261. doi:10.1111/
Jiang et al 2017.txt-j.1756-2171.2011.00139.x.
Jiang et al 2017.txt-Lezemore, J. 2010. Dont get stuck with unwanted items this
--
Jiang et al 2017.txt-Prasad, A., K. E. Stecke, X. Zhao. 2011. Advance selling by a
Jiang et al 2017.txt-newsvendor retailer. Prod. Oper. Manag. 20(1): 129–142.
Jiang et al 2017.txt:doi:10.1111/j.1937-5956.2010.01133.x.
Jiang et al 2017.txt-Rochet, J.-C., J. Tirole. 2006. Two-sided markets: A progress
Jiang et al 2017.txt-report. RAND J. Econ. 37(3): 645–667.
--
Li 2020.txt-
Li 2020.txt-E-mail address: xiangli@nankai.edu.cn.
Li 2020.txt:https://doi.org/10.1016/j.tre.2020.101927
Li 2020.txt-Received 31 December 2019; Received in revised form 1 March 2020; Accepted 25 March 2020
Li 2020.txt-Available online 09 April 2020
--
Li 2020.txt-implications for practice. Transp. Res. Part E: Logist. Transp. Rev. 114, 416–436.
Li 2020.txt-Babich, V., Hilary, G., 2019. Distributed ledgers and operations: what operations management researchers should know about Blockchain technology. Manuf. Serv.
Li 2020.txt:Oper. Manage, Article in press. https://doi.org/10.1287/msom.2018.0752.
Li 2020.txt-Baryannis, G., Validi, S., Dani, S., Antoniou, G., 2019. Supply chain risk management and artificial intelligence: state of the art and future research directions. Int. J.
Li 2020.txt-Prod. Res. 57 (7), 2179–2202.
--
Li 2020.txt-X. Li
Li 2020.txt-
Li 2020.txt:press, https://doi.org/10.1016/j.ijpe.2019.07.035.
Li 2020.txt-Ben-Daya, M., Hariga, M., 2003. Lead-time reduction in a stochastic inventory system with learning consideration. Int. J. Prod. Res. 41 (3), 571–579.
Li 2020.txt-Bernstein, F., Federgruen, A., 2004. A general equilibrium model for industries with price and service competition. Oper. Res. 52 (6), 868–886.
--
Li 2020.txt-Eur. J. Oper. Res. 170 (2), 481–495.
Li 2020.txt-Chen, Y., Dai, T., Korpeoglu, C. G., Körpeoğlu, E., Sahin, O., Tang, C.S., Xiao, S., 2019. Innovative online platforms: Research opportunities. Manuf. Serv. Oper.
Li 2020.txt:Manage. Article in press, https://doi.org/10.1287/msom.2018.0757.
Li 2020.txt-Choi, T.M., 2018. Incorporating social media observations and bounded rationality into fashion quick response supply chains in the big data era. Transp. Res. Part E:
Li 2020.txt-Logist. Transp. Rev. 114, 386–397.
--
Li 2020.txt-Rev. 128, 17–29.
Li 2020.txt-Choi, T.M., Feng, L.P., Li, R., 2019. Information disclosure structure in supply chains with rental service platforms in the blockchain technology era. Int. J. Prod. Econ.
Li 2020.txt:Artical in press, https://doi.org/10.1016/j.ijpe.2019.08.008.
Li 2020.txt-Choi, T.M., He, Y., 2019. Peer-to-peer collaborative consumption for fashion products in the sharing economy: Platform operations. Transp. Res. Part E: Logist. Transp.
Li 2020.txt-Rev. 126, 49–65.
--
Li 2020.txt-Choi, T.M., Wallace, S.W., Wang, Y., 2018. Big data analytics in operations management. Prod. Oper. Manage. 27 (10), 1868–1883.
Li 2020.txt-Choi, T.M., Guo, S., Liu, N., Shi X., 2020. Optimal pricing in on-demand-service-platform-operations with hired agents and risk-sensitive customers in the blockchain
Li 2020.txt:era. Eur. J. Oper. Res. Article in press. https://doi.org/10.1016/j.ejor.2020.01.049.
Li 2020.txt:Chung, S.H., Ma, H.L., Hansen, M., Choi, T.M., 2020. Data science and analytics in aviation. Transp. Res. Part E: Logist. Transp. Rev. 134, No. 101837, doi: 10.1016/j.
Li 2020.txt-tre.2020.101837.
Li 2020.txt-Du, S., Wang, L., Hu, L., Zhu, L., 2019. Platform-led green advertising: Promote the best or promote by performance. Transp. Res. Part E: Logist. Transp. Rev. 128,
--
Li et al 2019.txt-E-mail addresses: liguo@bit.edu.cn (G. Li), zxfncut@163.com (X. Zhang), liumengqi76@163.com (M. Liu).
Li et al 2019.txt-
Li et al 2019.txt:https://doi.org/10.1016/j.tre.2019.08.014
Li et al 2019.txt-Received 5 May 2019; Received in revised form 16 August 2019; Accepted 20 August 2019
Li et al 2019.txt-Available online 10 September 2019
--
Li et al 2019.txt-Int. J. Prod. Econ. 218, 135–147.
Li et al 2019.txt-Li, G., Zheng, H., Sethi, S.P., Guan, X., 2018. Inducing downstream information sharing via manufacturer information acquisition and retailer subsidy. Decision Sci.
Li et al 2019.txt:https://doi.org/10.1111/deci.12340.
Li et al 2019.txt-Li, S., Jia, S., 2019. A Benders decomposition algorithm for the order fulfilment problem of an e-tailer with a self-owned logistics system. Transp. Res. Part E: Logistics
Li et al 2019.txt-Transp. Rev. 122, 463–480.
--
Liu et al 2020.txt-⁎⁎
Liu et al 2020.txt-
Liu et al 2020.txt:https://doi.org/10.1016/j.tre.2020.101914
Liu et al 2020.txt-Received 23 October 2019; Received in revised form 28 February 2020; Accepted 2 March 2020
Liu et al 2020.txt-1366-5545/ © 2020 Elsevier Ltd. All rights reserved.
--
Liu et al 2020.txt-
Liu et al 2020.txt-Appendix E. Supplementary material
Liu et al 2020.txt:Supplementary data associated with this article can be found, in the online version, at https://doi.org/10.1016/j.tre.2020.
Liu et al 2020.txt-101914.
Liu et al 2020.txt-
--
Liu et al 2020.txt-Cri.cn. Shiseido cooperates with Tmall Super Brand Day to create a new retail model for the cosmetics industry. 2018–10-22 <http://talk.cri.cn/n/20181022/19684d09-c104c541-a6b6-fd4ee5d7665c.html> (in Chinese).
Liu et al 2020.txt-Curko, K., Silovic, T., Merkas, Z., 2018. Challenges of application of the big data in marketing: case study Croatia. WSEAS Trans. Business Econ. 15, 162–170.
Liu et al 2020.txt:Ghoshal, A., Kumar, S., Mookerjee, V., 2018. Production and Operations Management. Dilemma of Data Sharing Alliance: When Do Competing Personalizing and NonPersonalizing Firms Share Data. https://doi.org/10.1111/poms.12959.
Liu et al 2020.txt-Hagiu, A., Wright, J., 2015. Marketplace or reseller? Manage. Sci. 61 (1), 184–203.
Liu et al 2020.txt-Inoue, Y., 2019. Winner-takes-all or co-evolution among platform ecosystems: a look at the competitive and symbiotic actions of complementors. Sustainability 11 (3), 726.
--
Shen et al 2020.txt-E-mail addresses: binshen@dhu.edu.cn (B. Shen), xuxiaoyan012@126.com (X. Xu), quanyuan@zju.edu.cn (Q. Yuan).
Shen et al 2020.txt-
Shen et al 2020.txt:https://doi.org/10.1016/j.tre.2020.102066
Shen et al 2020.txt-Received 29 April 2020; Received in revised form 8 July 2020; Accepted 18 August 2020
Shen et al 2020.txt-Available online 01 September 2020
--
Shen et al 2020.txt-press).
Shen et al 2020.txt-Choi, T.M., 2020. Innovative “Bring-Service-Near-Your-Home” operations under corona-virus (COVID-19/SARS-CoV-2) outbreak: can logistics become the messiah?
Shen et al 2020.txt:Transport. Res. Part E: Logist. Transport. Rev. https://doi.org/10.1016/j.tre.2020.101961.
Shen et al 2020.txt-Choi, T.M., Chow, P.S., Lee, C.H., Shen, B., 2018. Used intimate apparel collection programs: a game-theoretic analytical study. Transport. Res. Part E: Logist.
Shen et al 2020.txt-Transport. Rev. 109, 44–62.
--
Shen et al 2020.txt-Choi, T.M., Wen, X., Sun, X., Chung, S.H., 2019. The mean-variance approach for global supply chain risk analysis with air logistics in the blockchain technology era.
Shen et al 2020.txt-Transport. Res. Part E: Logist. Transport. Rev. 127, 178–191.
Shen et al 2020.txt:Cui, Y., Hu, M., Liu, J. 2019. Values of traceability in supply chains. Working paper. Available at https://doi.org/10.2139/ssrn.3291661.
Shen et al 2020.txt-Chu, L.Y., Nazerzadeh, H., Zhang, H., 2020. Position ranking and auctions for online marketplaces. Manage. Sci. 66 (8), 3617–3634.
Shen et al 2020.txt-De Giovanni, P., Karray, S., Martín-Herrán, G., 2019. Vendor management inventory with consignment contracts and the benefits of cooperative advertising. Eur. J.
--
Shen et al 2020.txt-Steinker, S., Hoberg, K., Thonemann, U.W., 2017. The value of weather information for e-commerce operations. Prod. Operat. Manage. 26 (10), 1854–1874.
Shen et al 2020.txt-Shen, B., Xu, X., Yuan, Q., 2020. Demand learning through social media exposure in the fashion industry: see now buy now vs. see now buy later. IEEE Trans. Eng.
Shen et al 2020.txt:Manage. https://doi.org/10.1109/TEM.2020.3009742.
Shen et al 2020.txt-Shen, B., Choi, T.M., Minner, S., 2019a. A review on supply chain contracting with information considerations: information updating and information asymmetry. Int.
Shen et al 2020.txt-J. Prod. Res. 57 (15–16), 4898–4936.
--
Xu et al 2018.txt-E-mail addresses: xuxh15@fudan.edu.cn (X. Xu), chenxf@fudan.edu.cn (X. Chen), fu.jia@york.ac.uk (F. Jia), steve.brown@soton.ac.uk (S. Brown),
Xu et al 2018.txt-y.gong@soton.ac.uk (Y. Gong), yfxu@fudan.edu.cn (Y. Xu).
Xu et al 2018.txt:https://doi.org/10.1016/j.ijpe.2018.08.003
Xu et al 2018.txt-Received 9 September 2016; Received in revised form 31 July 2018; Accepted 2 August 2018
Xu et al 2018.txt-Available online 11 August 2018
--
Xu et al 2018.txt-Appendix A. Supplementary data
Xu et al 2018.txt-
Xu et al 2018.txt:Issues. Secretary-General of the OECDhttps://doi.org/10.1787/ctt-2016-en. ISBN
Xu et al 2018.txt-978-92-64-22394-3.
Xu et al 2018.txt-Cronin, B., Ding, Y., 2011. Popular and/or prestigious? Measures of scholarly esteem. Inf.
--
Xu et al 2018.txt-
Xu et al 2018.txt-Supplementary data related to this article can be found at https://
Xu et al 2018.txt:doi.org/10.1016/j.ijpe.2018.08.003.
Xu et al 2018.txt-References
Xu et al 2018.txt-Abad, P.L., Jaggi, C.K., 2003. A joint approach for setting unit price and the length of the
--
Xu et al 2020.txt-http://www.chnci.com.
Xu et al 2020.txt-
Xu et al 2020.txt:https://doi.org/10.1016/j.tre.2020.101990
Xu et al 2020.txt-Received 27 November 2019; Received in revised form 16 March 2020; Accepted 23 May 2020
Xu et al 2020.txt-Available online 29 June 2020
--
Xu et al 2020.txt-
Xu et al 2020.txt-Appendix B. Supplementary material
Xu et al 2020.txt:Supplementary data to this article can be found online at https://doi.org/10.1016/j.tre.2020.101990.
Xu et al 2020.txt-
Xu et al 2020.txt-References
--
Xu et al 2020.txt-Chen, L., Nan, G., Li, M., Tan, Y., 2018. Adding the online-to-store channel to supply chain: Impact of spillover effect.
Xu et al 2020.txt-Choi, T.M., Feng, L., Li, R., 2019. Information disclosure structure in supply chains with rental service platforms in the blockchain technology era. Int. J. Prod. Econ.
Xu et al 2020.txt:Advance online publication. https://doi.org/10.1016/j.ijpe2019.08.008.
Xu et al 2020.txt-Dai, T., Cho, S.H., Zhang, F., 2016. Contracting for on-time delivery in the US influenza vaccine supply chain. Manuf. Service. Oper. Manage. 18 (3), 332–346.
Xu et al 2020.txt-Desiraju, R., Moorthy, S., 1997. Managing a distribution channel under asymmetric information with performance requirements. Manage. Sci. 43 (12), 691–718.
--
Yan et al 2018.txt-lzb8401552@hgnu.edu.cn (Z. Liu).
Yan et al 2018.txt-
Yan et al 2018.txt:https://doi.org/10.1016/j.ejor.2017.11.011
Yan et al 2018.txt-0377-2217/© 2017 Elsevier B.V. All rights reserved.
Yan et al 2018.txt-
--
Yan et al 2019.txt-E-mail addresses: ychyan@tju.edu.cn (Y. Yan), zhao@tju.edu.cn (R. Zhao),
Yan et al 2019.txt-cjdt@miit-icdc.org (T. Xing).
Yan et al 2019.txt:https://doi.org/10.1016/j.ejor.2018.09.022
Yan et al 2019.txt-0377-2217/© 2018 Elsevier B.V. All rights reserved.
Yan et al 2019.txt-
--
Yan et al 2019.txt-Supplementary material
Yan et al 2019.txt-Supplementary material associated with this article can be
Yan et al 2019.txt:found, in the online version, at doi:10.1016/j.ejor.2018.09.022.
Yan et al 2019.txt-References
Yan et al 2019.txt-Abhishek, V., Jerath, K., & Zhang, Z. J. (2015). Agency selling or reselling? Channel
--
Zennyo 2020.txt-E-mail address: xyzennyo@b.kobe-u.ac.jp
Zennyo 2020.txt-
Zennyo 2020.txt:https://doi.org/10.1016/j.ejor.2019.08.026
Zennyo 2020.txt-0377-2217/© 2019 Elsevier B.V. All rights reserved.
Zennyo 2020.txt-
--
Zhang and Zhang 2020.txt-E-mail addresses: sczhang@tju.edu.cn (S. Zhang), jxzhang@tju.edu.cn (J. Zhang).
Zhang and Zhang 2020.txt-
Zhang and Zhang 2020.txt:https://doi.org/10.1016/j.ejor.2019.07.003
Zhang and Zhang 2020.txt-0377-2217/© 2019 Elsevier B.V. All rights reserved.
Zhang and Zhang 2020.txt-
--
Zhang and Zhang 2020.txt-Supplementary material
Zhang and Zhang 2020.txt-Supplementary material associated with this article can be
Zhang and Zhang 2020.txt:found, in the online version, at doi:10.1016/j.ejor.2019.07.003.
Zhang and Zhang 2020.txt-References
Zhang and Zhang 2020.txt-Abhishek, V., Jerath, K., & Zhang, Z. J. (2016). Agency selling or reselling? Channel
--
Zhang and Zhang 2020.txt-Springer Science & Business Media.
Zhang and Zhang 2020.txt-Jing, B. (2018). Showrooming and webrooming: Information externalities between
Zhang and Zhang 2020.txt:online and oﬄine sellers. Marketing Science. doi:10.1287/mksc.2018.1084.
Zhang and Zhang 2020.txt-Li, L. (2002). Information sharing in a supply chain with horizontal competition.
Zhang and Zhang 2020.txt-Management Science, 48(9), 1196–1212.
--
Zhang and Zhang 2020.txt-248(2), 646–657.
Zhang and Zhang 2020.txt-Mehra, A., Kumar, S., & Raju, J. S. (2017). Competitive strategies for brick-and-mortar
Zhang and Zhang 2020.txt:stores to counter “showrooming”. Management Science. doi:10.1287/mnsc.2017.
Zhang and Zhang 2020.txt-2764.
Zhang and Zhang 2020.txt-Rapp, A., Baker, T. L., Bachrach, D. G., et al. (2015). Perceived customer showrooming behavior and the effect on retail salesperson self-eﬃcacy and performance.
--
Zhen et al 2020.txt-⁎
Zhen et al 2020.txt-
Zhen et al 2020.txt:https://doi.org/10.1016/j.tre.2019.101820
Zhen et al 2020.txt-Received 10 May 2019; Received in revised form 4 December 2019; Accepted 5 December 2019
Zhen et al 2020.txt-Available online 12 December 2019
--
Zhen et al 2020.txt-Ryan, J.K., Sun, D., Zhao, X., 2012. Competition and coordination in online marketplaces. Prod. Oper. Manage. 21 (6), 997–1014.
Zhen et al 2020.txt-Salmon, J. (October 18, 2012). Rolls lends to its own suppliers. Daily Mail, p. 2.
Zhen et al 2020.txt:Shen, Y., Willems, S.P., Dai, Y., 2018. Channel selection and contracting in the presence of a retail platform. Prod. Oper. Manage. https://doi.org/10.1111/poms.
Zhen et al 2020.txt-12977.
Zhen et al 2020.txt-Tang, C.S., Yang, S.A., Wu, J., 2017. Sourcing from suppliers with financial constraints and performance risk. Manuf. Serv. Oper. Manage. 20 (1), 70–84.
